
> clawx@0.4.4 test /app
> vitest run

sh: 1: vitest: not found
 ELIFECYCLE  Test failed. See above for more details.
 WARN   Local package.json exists, but node_modules missing, did you mean to install?
